#! /usr/bin/vvp
:ivl_version "12.0 (stable)";
:ivl_delay_selection "TYPICAL";
:vpi_time_precision + 0;
:vpi_module "/usr/lib/x86_64-linux-gnu/ivl/system.vpi";
:vpi_module "/usr/lib/x86_64-linux-gnu/ivl/vhdl_sys.vpi";
:vpi_module "/usr/lib/x86_64-linux-gnu/ivl/vhdl_textio.vpi";
:vpi_module "/usr/lib/x86_64-linux-gnu/ivl/v2005_math.vpi";
:vpi_module "/usr/lib/x86_64-linux-gnu/ivl/va_math.vpi";
:vpi_module "/usr/lib/x86_64-linux-gnu/ivl/v2009.vpi";
S_0x632216a60da0 .scope package, "$unit" "$unit" 2 1;
 .timescale 0 0;
S_0x632216a60f30 .scope module, "encoder_8to13_tb" "encoder_8to13_tb" 3 1;
 .timescale 0 0;
v0x632216a838f0_0 .var "data", 7 0;
v0x632216a839b0_0 .net "encoded", 12 0, L_0x632216a86180;  1 drivers
v0x632216a83a80_0 .var/i "i", 31 0;
v0x632216a83b50 .array "test_vectors", 5 0, 7 0;
S_0x632216a23500 .scope module, "dut" "encoder_8to13" 3 9, 4 1 0, S_0x632216a60f30;
 .timescale 0 0;
    .port_info 0 /INPUT 8 "data";
    .port_info 1 /OUTPUT 13 "encoded";
L_0x632216a559b0 .functor XOR 1, L_0x632216a83f50, L_0x632216a84020, C4<0>, C4<0>;
L_0x632216a84220 .functor XOR 1, L_0x632216a559b0, L_0x632216a84180, C4<0>, C4<0>;
L_0x632216a84420 .functor XOR 1, L_0x632216a84220, L_0x632216a84330, C4<0>, C4<0>;
L_0x632216a84920 .functor XOR 1, L_0x632216a84770, L_0x632216a84880, C4<0>, C4<0>;
L_0x632216a84810 .functor XOR 1, L_0x632216a84920, L_0x632216a84a60, C4<0>, C4<0>;
L_0x632216a84ed0 .functor XOR 1, L_0x632216a84810, L_0x632216a84c20, C4<0>, C4<0>;
L_0x632216a84b00 .functor XOR 1, L_0x632216a85150, L_0x632216a851f0, C4<0>, C4<0>;
L_0x632216a85420 .functor XOR 1, L_0x632216a84b00, L_0x632216a85380, C4<0>, C4<0>;
L_0x632216a85290 .functor XOR 1, L_0x632216a85420, L_0x632216a85580, C4<0>, C4<0>;
L_0x632216a85810 .functor XOR 1, L_0x632216a85290, L_0x632216a85770, C4<0>, C4<0>;
L_0x632216a85ae0 .functor XOR 1, L_0x632216a85980, L_0x632216a85620, C4<0>, C4<0>;
L_0x632216a85a20 .functor XOR 1, L_0x632216a85ae0, L_0x632216a85ba0, C4<0>, C4<0>;
L_0x632216a85e70 .functor XOR 1, L_0x632216a85a20, L_0x632216a85dd0, C4<0>, C4<0>;
L_0x632216a85c40 .functor XOR 1, L_0x632216a85e70, L_0x632216a85f30, C4<0>, C4<0>;
v0x632216a4a040_0 .net *"_ivl_101", 0 0, L_0x632216a85f30;  1 drivers
v0x632216a4a690_0 .net *"_ivl_102", 0 0, L_0x632216a85c40;  1 drivers
v0x632216a4ace0_0 .net *"_ivl_108", 11 0, L_0x632216a86660;  1 drivers
v0x632216a4ccd0_0 .net *"_ivl_11", 0 0, L_0x632216a83d80;  1 drivers
v0x632216a4d390_0 .net *"_ivl_110", 0 0, L_0x632216a85fd0;  1 drivers
v0x632216a4d9e0_0 .net *"_ivl_15", 0 0, L_0x632216a83e50;  1 drivers
v0x632216a4e030_0 .net *"_ivl_19", 0 0, L_0x632216a83f50;  1 drivers
v0x632216a50020_0 .net *"_ivl_21", 0 0, L_0x632216a84020;  1 drivers
v0x632216a506e0_0 .net *"_ivl_22", 0 0, L_0x632216a559b0;  1 drivers
v0x632216a52f80_0 .net *"_ivl_25", 0 0, L_0x632216a84180;  1 drivers
v0x632216a55890_0 .net *"_ivl_26", 0 0, L_0x632216a84220;  1 drivers
v0x632216a819a0_0 .net *"_ivl_29", 0 0, L_0x632216a84330;  1 drivers
v0x632216a81a80_0 .net *"_ivl_3", 0 0, L_0x632216a83c10;  1 drivers
v0x632216a81b60_0 .net *"_ivl_30", 0 0, L_0x632216a84420;  1 drivers
v0x632216a81c40_0 .net *"_ivl_35", 0 0, L_0x632216a84530;  1 drivers
v0x632216a81d20_0 .net *"_ivl_39", 0 0, L_0x632216a845d0;  1 drivers
v0x632216a81e00_0 .net *"_ivl_43", 0 0, L_0x632216a846d0;  1 drivers
v0x632216a81ee0_0 .net *"_ivl_47", 0 0, L_0x632216a84770;  1 drivers
v0x632216a81fc0_0 .net *"_ivl_49", 0 0, L_0x632216a84880;  1 drivers
v0x632216a820a0_0 .net *"_ivl_50", 0 0, L_0x632216a84920;  1 drivers
v0x632216a82180_0 .net *"_ivl_53", 0 0, L_0x632216a84a60;  1 drivers
v0x632216a82260_0 .net *"_ivl_54", 0 0, L_0x632216a84810;  1 drivers
v0x632216a82340_0 .net *"_ivl_57", 0 0, L_0x632216a84c20;  1 drivers
v0x632216a82420_0 .net *"_ivl_58", 0 0, L_0x632216a84ed0;  1 drivers
v0x632216a82500_0 .net *"_ivl_63", 0 0, L_0x632216a85020;  1 drivers
v0x632216a825e0_0 .net *"_ivl_67", 0 0, L_0x632216a85150;  1 drivers
v0x632216a826c0_0 .net *"_ivl_69", 0 0, L_0x632216a851f0;  1 drivers
v0x632216a827a0_0 .net *"_ivl_7", 0 0, L_0x632216a83ce0;  1 drivers
v0x632216a82880_0 .net *"_ivl_70", 0 0, L_0x632216a84b00;  1 drivers
v0x632216a82960_0 .net *"_ivl_73", 0 0, L_0x632216a85380;  1 drivers
v0x632216a82a40_0 .net *"_ivl_74", 0 0, L_0x632216a85420;  1 drivers
v0x632216a82b20_0 .net *"_ivl_77", 0 0, L_0x632216a85580;  1 drivers
v0x632216a82c00_0 .net *"_ivl_78", 0 0, L_0x632216a85290;  1 drivers
v0x632216a82ef0_0 .net *"_ivl_81", 0 0, L_0x632216a85770;  1 drivers
v0x632216a82fd0_0 .net *"_ivl_82", 0 0, L_0x632216a85810;  1 drivers
v0x632216a830b0_0 .net *"_ivl_87", 0 0, L_0x632216a85980;  1 drivers
v0x632216a83190_0 .net *"_ivl_89", 0 0, L_0x632216a85620;  1 drivers
v0x632216a83270_0 .net *"_ivl_90", 0 0, L_0x632216a85ae0;  1 drivers
v0x632216a83350_0 .net *"_ivl_93", 0 0, L_0x632216a85ba0;  1 drivers
v0x632216a83430_0 .net *"_ivl_94", 0 0, L_0x632216a85a20;  1 drivers
v0x632216a83510_0 .net *"_ivl_97", 0 0, L_0x632216a85dd0;  1 drivers
v0x632216a835f0_0 .net *"_ivl_98", 0 0, L_0x632216a85e70;  1 drivers
v0x632216a836d0_0 .net "data", 7 0, v0x632216a838f0_0;  1 drivers
v0x632216a837b0_0 .net "encoded", 12 0, L_0x632216a86180;  alias, 1 drivers
L_0x632216a83c10 .part v0x632216a838f0_0, 7, 1;
L_0x632216a83ce0 .part v0x632216a838f0_0, 6, 1;
L_0x632216a83d80 .part v0x632216a838f0_0, 5, 1;
L_0x632216a83e50 .part v0x632216a838f0_0, 4, 1;
L_0x632216a83f50 .part v0x632216a838f0_0, 4, 1;
L_0x632216a84020 .part v0x632216a838f0_0, 5, 1;
L_0x632216a84180 .part v0x632216a838f0_0, 6, 1;
L_0x632216a84330 .part v0x632216a838f0_0, 7, 1;
L_0x632216a84530 .part v0x632216a838f0_0, 3, 1;
L_0x632216a845d0 .part v0x632216a838f0_0, 2, 1;
L_0x632216a846d0 .part v0x632216a838f0_0, 1, 1;
L_0x632216a84770 .part v0x632216a838f0_0, 1, 1;
L_0x632216a84880 .part v0x632216a838f0_0, 2, 1;
L_0x632216a84a60 .part v0x632216a838f0_0, 3, 1;
L_0x632216a84c20 .part v0x632216a838f0_0, 7, 1;
L_0x632216a85020 .part v0x632216a838f0_0, 0, 1;
L_0x632216a85150 .part v0x632216a838f0_0, 0, 1;
L_0x632216a851f0 .part v0x632216a838f0_0, 2, 1;
L_0x632216a85380 .part v0x632216a838f0_0, 3, 1;
L_0x632216a85580 .part v0x632216a838f0_0, 5, 1;
L_0x632216a85770 .part v0x632216a838f0_0, 6, 1;
L_0x632216a85980 .part v0x632216a838f0_0, 0, 1;
L_0x632216a85620 .part v0x632216a838f0_0, 1, 1;
L_0x632216a85ba0 .part v0x632216a838f0_0, 3, 1;
L_0x632216a85dd0 .part v0x632216a838f0_0, 4, 1;
L_0x632216a85f30 .part v0x632216a838f0_0, 6, 1;
LS_0x632216a86180_0_0 .concat8 [ 1 1 1 1], L_0x632216a85fd0, L_0x632216a85c40, L_0x632216a85810, L_0x632216a85020;
LS_0x632216a86180_0_4 .concat8 [ 1 1 1 1], L_0x632216a84ed0, L_0x632216a846d0, L_0x632216a845d0, L_0x632216a84530;
LS_0x632216a86180_0_8 .concat8 [ 1 1 1 1], L_0x632216a84420, L_0x632216a83e50, L_0x632216a83d80, L_0x632216a83ce0;
LS_0x632216a86180_0_12 .concat8 [ 1 0 0 0], L_0x632216a83c10;
L_0x632216a86180 .concat8 [ 4 4 4 1], LS_0x632216a86180_0_0, LS_0x632216a86180_0_4, LS_0x632216a86180_0_8, LS_0x632216a86180_0_12;
L_0x632216a86660 .part L_0x632216a86180, 1, 12;
L_0x632216a85fd0 .reduce/xor L_0x632216a86660;
    .scope S_0x632216a60f30;
T_0 ;
    %pushi/vec4 3, 0, 8;
    %ix/load 4, 0, 0;
    %flag_set/imm 4, 0;
    %store/vec4a v0x632216a83b50, 4, 0;
    %pushi/vec4 15, 0, 8;
    %ix/load 4, 1, 0;
    %flag_set/imm 4, 0;
    %store/vec4a v0x632216a83b50, 4, 0;
    %pushi/vec4 170, 0, 8;
    %ix/load 4, 2, 0;
    %flag_set/imm 4, 0;
    %store/vec4a v0x632216a83b50, 4, 0;
    %pushi/vec4 85, 0, 8;
    %ix/load 4, 3, 0;
    %flag_set/imm 4, 0;
    %store/vec4a v0x632216a83b50, 4, 0;
    %pushi/vec4 195, 0, 8;
    %ix/load 4, 4, 0;
    %flag_set/imm 4, 0;
    %store/vec4a v0x632216a83b50, 4, 0;
    %pushi/vec4 255, 0, 8;
    %ix/load 4, 5, 0;
    %flag_set/imm 4, 0;
    %store/vec4a v0x632216a83b50, 4, 0;
    %vpi_call/w 3 23 "$display", "Testing Encoder with Multi-Bit Inputs" {0 0 0};
    %pushi/vec4 0, 0, 32;
    %store/vec4 v0x632216a83a80_0, 0, 32;
T_0.0 ;
    %load/vec4 v0x632216a83a80_0;
    %cmpi/s 6, 0, 32;
    %jmp/0xz T_0.1, 5;
    %ix/getv/s 4, v0x632216a83a80_0;
    %load/vec4a v0x632216a83b50, 4;
    %store/vec4 v0x632216a838f0_0, 0, 8;
    %delay 10, 0;
    %vpi_call/w 3 27 "$display", "Data: 8'b%b (0x%02h) -> Encoded: 13'b%b (0x%04h)", v0x632216a838f0_0, v0x632216a838f0_0, v0x632216a839b0_0, v0x632216a839b0_0 {0 0 0};
    %load/vec4 v0x632216a83a80_0;
    %addi 1, 0, 32;
    %store/vec4 v0x632216a83a80_0, 0, 32;
    %jmp T_0.0;
T_0.1 ;
    %vpi_call/w 3 30 "$finish" {0 0 0};
    %end;
    .thread T_0;
# The file index is used to find the file name in the following table.
:file_names 5;
    "N/A";
    "<interactive>";
    "-";
    "../tb/encoder_8to13_tb.sv";
    "../src/encoder_8to13.sv";
