#! /usr/bin/vvp
:ivl_version "12.0 (stable)";
:ivl_delay_selection "TYPICAL";
:vpi_time_precision + 0;
:vpi_module "/usr/lib/x86_64-linux-gnu/ivl/system.vpi";
:vpi_module "/usr/lib/x86_64-linux-gnu/ivl/vhdl_sys.vpi";
:vpi_module "/usr/lib/x86_64-linux-gnu/ivl/vhdl_textio.vpi";
:vpi_module "/usr/lib/x86_64-linux-gnu/ivl/v2005_math.vpi";
:vpi_module "/usr/lib/x86_64-linux-gnu/ivl/va_math.vpi";
:vpi_module "/usr/lib/x86_64-linux-gnu/ivl/v2009.vpi";
S_0x55e5c17e7f60 .scope package, "$unit" "$unit" 2 1;
 .timescale 0 0;
S_0x55e5c17e80f0 .scope module, "error_sim" "error_sim" 3 1;
 .timescale 0 0;
v0x55e5c1833490_0 .net "d_data", 7 0, v0x55e5c18306e0_0;  1 drivers
v0x55e5c1833550_0 .var "d_encoded", 12 0;
v0x55e5c1833620_0 .var "e_data", 7 0;
v0x55e5c1833720_0 .net "e_encoded", 12 0, L_0x55e5c1836000;  1 drivers
v0x55e5c18337f0_0 .net "error_detection", 0 0, v0x55e5c18307c0_0;  1 drivers
v0x55e5c1833890_0 .var/i "i", 31 0;
v0x55e5c1833930 .array "test_vectors", 5 0, 7 0;
S_0x55e5c17ed400 .scope module, "decoder_dut" "decoder_13to8" 3 18, 4 1 0, S_0x55e5c17e80f0;
 .timescale 0 0;
    .port_info 0 /INPUT 13 "codeword";
    .port_info 1 /OUTPUT 8 "decoded";
    .port_info 2 /OUTPUT 1 "error_detected";
L_0x55e5c1837320 .functor XOR 1, L_0x55e5c1836fd0, L_0x55e5c1837280, C4<0>, C4<0>;
L_0x55e5c1837210 .functor XOR 1, L_0x55e5c1837430, L_0x55e5c1837550, C4<0>, C4<0>;
L_0x55e5c18374d0 .functor XOR 1, L_0x55e5c1837210, L_0x55e5c1837690, C4<0>, C4<0>;
L_0x55e5c1837900 .functor XOR 1, L_0x55e5c18374d0, L_0x55e5c1837860, C4<0>, C4<0>;
L_0x55e5c1837730 .functor XOR 1, L_0x55e5c1837900, L_0x55e5c1837a10, C4<0>, C4<0>;
L_0x55e5c1837ea0 .functor XOR 1, L_0x55e5c1837730, L_0x55e5c1837e00, C4<0>, C4<0>;
L_0x55e5c1838100 .functor XOR 1, L_0x55e5c1837fb0, L_0x55e5c1837cc0, C4<0>, C4<0>;
L_0x55e5c1838050 .functor XOR 1, L_0x55e5c1838100, L_0x55e5c1838210, C4<0>, C4<0>;
L_0x55e5c1838500 .functor XOR 1, L_0x55e5c1838050, L_0x55e5c1838460, C4<0>, C4<0>;
L_0x55e5c18382b0 .functor XOR 1, L_0x55e5c1838500, L_0x55e5c1838610, C4<0>, C4<0>;
L_0x55e5c18388d0 .functor XOR 1, L_0x55e5c18382b0, L_0x55e5c1838830, C4<0>, C4<0>;
L_0x55e5c1838b10 .functor XOR 1, L_0x55e5c1838990, L_0x55e5c18386b0, C4<0>, C4<0>;
L_0x55e5c1838a30 .functor XOR 1, L_0x55e5c1838b10, L_0x55e5c1838c90, C4<0>, C4<0>;
L_0x55e5c1838ec0 .functor XOR 1, L_0x55e5c1838a30, L_0x55e5c1838e20, C4<0>, C4<0>;
L_0x55e5c1838c20 .functor XOR 1, L_0x55e5c1838ec0, L_0x55e5c1839050, C4<0>, C4<0>;
L_0x55e5c1839530 .functor XOR 1, L_0x55e5c1839380, L_0x55e5c18390f0, C4<0>, C4<0>;
L_0x55e5c1838fd0 .functor XOR 1, L_0x55e5c1839530, L_0x55e5c1839680, C4<0>, C4<0>;
L_0x55e5c18394c0 .functor XOR 1, L_0x55e5c1838fd0, L_0x55e5c1839840, C4<0>, C4<0>;
L_0x55e5c18395f0 .functor XOR 1, L_0x55e5c18394c0, L_0x55e5c1839e30, C4<0>, C4<0>;
v0x55e5c17ed630_0 .net *"_ivl_1", 0 0, L_0x55e5c1836710;  1 drivers
v0x55e5c182d680_0 .net *"_ivl_102", 0 0, L_0x55e5c1839380;  1 drivers
v0x55e5c182d760_0 .net *"_ivl_104", 0 0, L_0x55e5c18390f0;  1 drivers
v0x55e5c182d850_0 .net *"_ivl_105", 0 0, L_0x55e5c1839530;  1 drivers
v0x55e5c182d930_0 .net *"_ivl_108", 0 0, L_0x55e5c1839680;  1 drivers
v0x55e5c182da60_0 .net *"_ivl_109", 0 0, L_0x55e5c1838fd0;  1 drivers
v0x55e5c182db40_0 .net *"_ivl_11", 0 0, L_0x55e5c1836a80;  1 drivers
v0x55e5c182dc20_0 .net *"_ivl_112", 0 0, L_0x55e5c1839840;  1 drivers
v0x55e5c182dd00_0 .net *"_ivl_113", 0 0, L_0x55e5c18394c0;  1 drivers
v0x55e5c182dde0_0 .net *"_ivl_116", 0 0, L_0x55e5c1839e30;  1 drivers
v0x55e5c182dec0_0 .net *"_ivl_117", 0 0, L_0x55e5c18395f0;  1 drivers
v0x55e5c182dfa0_0 .net *"_ivl_13", 0 0, L_0x55e5c1836b20;  1 drivers
v0x55e5c182e080_0 .net *"_ivl_15", 0 0, L_0x55e5c1836bc0;  1 drivers
v0x55e5c182e160_0 .net *"_ivl_21", 0 0, L_0x55e5c1836fd0;  1 drivers
v0x55e5c182e240_0 .net *"_ivl_23", 11 0, L_0x55e5c18370d0;  1 drivers
v0x55e5c182e320_0 .net *"_ivl_24", 11 0, L_0x55e5c1837170;  1 drivers
v0x55e5c182e400_0 .net *"_ivl_27", 0 0, L_0x55e5c1837280;  1 drivers
v0x55e5c182e4c0_0 .net *"_ivl_28", 0 0, L_0x55e5c1837320;  1 drivers
v0x55e5c182e5a0_0 .net *"_ivl_3", 0 0, L_0x55e5c1836800;  1 drivers
v0x55e5c182e680_0 .net *"_ivl_33", 0 0, L_0x55e5c1837430;  1 drivers
v0x55e5c182e760_0 .net *"_ivl_35", 0 0, L_0x55e5c1837550;  1 drivers
v0x55e5c182e840_0 .net *"_ivl_36", 0 0, L_0x55e5c1837210;  1 drivers
v0x55e5c182e920_0 .net *"_ivl_39", 0 0, L_0x55e5c1837690;  1 drivers
v0x55e5c182ea00_0 .net *"_ivl_40", 0 0, L_0x55e5c18374d0;  1 drivers
v0x55e5c182eae0_0 .net *"_ivl_43", 0 0, L_0x55e5c1837860;  1 drivers
v0x55e5c182ebc0_0 .net *"_ivl_44", 0 0, L_0x55e5c1837900;  1 drivers
v0x55e5c182eca0_0 .net *"_ivl_47", 0 0, L_0x55e5c1837a10;  1 drivers
v0x55e5c182ed80_0 .net *"_ivl_48", 0 0, L_0x55e5c1837730;  1 drivers
v0x55e5c182ee60_0 .net *"_ivl_5", 0 0, L_0x55e5c18368a0;  1 drivers
v0x55e5c182ef40_0 .net *"_ivl_51", 0 0, L_0x55e5c1837e00;  1 drivers
v0x55e5c182f020_0 .net *"_ivl_52", 0 0, L_0x55e5c1837ea0;  1 drivers
v0x55e5c182f100_0 .net *"_ivl_57", 0 0, L_0x55e5c1837fb0;  1 drivers
v0x55e5c182f1e0_0 .net *"_ivl_59", 0 0, L_0x55e5c1837cc0;  1 drivers
v0x55e5c182f2c0_0 .net *"_ivl_60", 0 0, L_0x55e5c1838100;  1 drivers
v0x55e5c182f3a0_0 .net *"_ivl_63", 0 0, L_0x55e5c1838210;  1 drivers
v0x55e5c182f480_0 .net *"_ivl_64", 0 0, L_0x55e5c1838050;  1 drivers
v0x55e5c182f560_0 .net *"_ivl_67", 0 0, L_0x55e5c1838460;  1 drivers
v0x55e5c182f640_0 .net *"_ivl_68", 0 0, L_0x55e5c1838500;  1 drivers
v0x55e5c182f720_0 .net *"_ivl_7", 0 0, L_0x55e5c1836940;  1 drivers
v0x55e5c182f800_0 .net *"_ivl_71", 0 0, L_0x55e5c1838610;  1 drivers
v0x55e5c182f8e0_0 .net *"_ivl_72", 0 0, L_0x55e5c18382b0;  1 drivers
v0x55e5c182f9c0_0 .net *"_ivl_75", 0 0, L_0x55e5c1838830;  1 drivers
v0x55e5c182faa0_0 .net *"_ivl_76", 0 0, L_0x55e5c18388d0;  1 drivers
v0x55e5c182fb80_0 .net *"_ivl_81", 0 0, L_0x55e5c1838990;  1 drivers
v0x55e5c182fc60_0 .net *"_ivl_83", 0 0, L_0x55e5c18386b0;  1 drivers
v0x55e5c182fd40_0 .net *"_ivl_84", 0 0, L_0x55e5c1838b10;  1 drivers
v0x55e5c182fe20_0 .net *"_ivl_87", 0 0, L_0x55e5c1838c90;  1 drivers
v0x55e5c182ff00_0 .net *"_ivl_88", 0 0, L_0x55e5c1838a30;  1 drivers
v0x55e5c182ffe0_0 .net *"_ivl_9", 0 0, L_0x55e5c18369e0;  1 drivers
v0x55e5c18300c0_0 .net *"_ivl_91", 0 0, L_0x55e5c1838e20;  1 drivers
v0x55e5c18301a0_0 .net *"_ivl_92", 0 0, L_0x55e5c1838ec0;  1 drivers
v0x55e5c1830280_0 .net *"_ivl_95", 0 0, L_0x55e5c1839050;  1 drivers
v0x55e5c1830360_0 .net *"_ivl_96", 0 0, L_0x55e5c1838c20;  1 drivers
v0x55e5c1830440_0 .net "codeword", 12 0, v0x55e5c1833550_0;  1 drivers
v0x55e5c1830520_0 .var "corrected", 12 0;
v0x55e5c1830600_0 .net "data", 7 0, L_0x55e5c1836cb0;  1 drivers
v0x55e5c18306e0_0 .var "decoded", 7 0;
v0x55e5c18307c0_0 .var "error_detected", 0 0;
v0x55e5c1830880_0 .net "syndrome", 4 0, L_0x55e5c18391f0;  1 drivers
E_0x55e5c17e8770 .event anyedge, v0x55e5c1830880_0, v0x55e5c1830600_0, v0x55e5c1830440_0, v0x55e5c1830520_0;
L_0x55e5c1836710 .part v0x55e5c1833550_0, 12, 1;
L_0x55e5c1836800 .part v0x55e5c1833550_0, 11, 1;
L_0x55e5c18368a0 .part v0x55e5c1833550_0, 10, 1;
L_0x55e5c1836940 .part v0x55e5c1833550_0, 9, 1;
L_0x55e5c18369e0 .part v0x55e5c1833550_0, 7, 1;
L_0x55e5c1836a80 .part v0x55e5c1833550_0, 6, 1;
L_0x55e5c1836b20 .part v0x55e5c1833550_0, 5, 1;
L_0x55e5c1836bc0 .part v0x55e5c1833550_0, 3, 1;
LS_0x55e5c1836cb0_0_0 .concat [ 1 1 1 1], L_0x55e5c1836bc0, L_0x55e5c1836b20, L_0x55e5c1836a80, L_0x55e5c18369e0;
LS_0x55e5c1836cb0_0_4 .concat [ 1 1 1 1], L_0x55e5c1836940, L_0x55e5c18368a0, L_0x55e5c1836800, L_0x55e5c1836710;
L_0x55e5c1836cb0 .concat [ 4 4 0 0], LS_0x55e5c1836cb0_0_0, LS_0x55e5c1836cb0_0_4;
L_0x55e5c1836fd0 .part v0x55e5c1833550_0, 0, 1;
L_0x55e5c18370d0 .part v0x55e5c1833550_0, 1, 12;
L_0x55e5c1837170 .concat [ 12 0 0 0], L_0x55e5c18370d0;
L_0x55e5c1837280 .reduce/xor L_0x55e5c1837170;
L_0x55e5c1837430 .part v0x55e5c1833550_0, 1, 1;
L_0x55e5c1837550 .part v0x55e5c1833550_0, 3, 1;
L_0x55e5c1837690 .part v0x55e5c1833550_0, 5, 1;
L_0x55e5c1837860 .part v0x55e5c1833550_0, 7, 1;
L_0x55e5c1837a10 .part v0x55e5c1833550_0, 9, 1;
L_0x55e5c1837e00 .part v0x55e5c1833550_0, 11, 1;
L_0x55e5c1837fb0 .part v0x55e5c1833550_0, 2, 1;
L_0x55e5c1837cc0 .part v0x55e5c1833550_0, 3, 1;
L_0x55e5c1838210 .part v0x55e5c1833550_0, 6, 1;
L_0x55e5c1838460 .part v0x55e5c1833550_0, 7, 1;
L_0x55e5c1838610 .part v0x55e5c1833550_0, 10, 1;
L_0x55e5c1838830 .part v0x55e5c1833550_0, 11, 1;
L_0x55e5c1838990 .part v0x55e5c1833550_0, 4, 1;
L_0x55e5c18386b0 .part v0x55e5c1833550_0, 5, 1;
L_0x55e5c1838c90 .part v0x55e5c1833550_0, 6, 1;
L_0x55e5c1838e20 .part v0x55e5c1833550_0, 7, 1;
L_0x55e5c1839050 .part v0x55e5c1833550_0, 12, 1;
LS_0x55e5c18391f0_0_0 .concat8 [ 1 1 1 1], L_0x55e5c1837320, L_0x55e5c1837ea0, L_0x55e5c18388d0, L_0x55e5c1838c20;
LS_0x55e5c18391f0_0_4 .concat8 [ 1 0 0 0], L_0x55e5c18395f0;
L_0x55e5c18391f0 .concat8 [ 4 1 0 0], LS_0x55e5c18391f0_0_0, LS_0x55e5c18391f0_0_4;
L_0x55e5c1839380 .part v0x55e5c1833550_0, 8, 1;
L_0x55e5c18390f0 .part v0x55e5c1833550_0, 9, 1;
L_0x55e5c1839680 .part v0x55e5c1833550_0, 10, 1;
L_0x55e5c1839840 .part v0x55e5c1833550_0, 11, 1;
L_0x55e5c1839e30 .part v0x55e5c1833550_0, 12, 1;
S_0x55e5c18309e0 .scope module, "encoder_dut" "encoder_8to13" 3 13, 5 1 0, S_0x55e5c17e80f0;
 .timescale 0 0;
    .port_info 0 /INPUT 8 "data";
    .port_info 1 /OUTPUT 13 "encoded";
L_0x55e5c1833f40 .functor XOR 1, L_0x55e5c1833d60, L_0x55e5c1833e30, C4<0>, C4<0>;
L_0x55e5c18340a0 .functor XOR 1, L_0x55e5c1833f40, L_0x55e5c1834000, C4<0>, C4<0>;
L_0x55e5c18342a0 .functor XOR 1, L_0x55e5c18340a0, L_0x55e5c18341b0, C4<0>, C4<0>;
L_0x55e5c18347a0 .functor XOR 1, L_0x55e5c18345f0, L_0x55e5c1834700, C4<0>, C4<0>;
L_0x55e5c1834690 .functor XOR 1, L_0x55e5c18347a0, L_0x55e5c18348e0, C4<0>, C4<0>;
L_0x55e5c1834d50 .functor XOR 1, L_0x55e5c1834690, L_0x55e5c1834aa0, C4<0>, C4<0>;
L_0x55e5c1834980 .functor XOR 1, L_0x55e5c1834fd0, L_0x55e5c1835070, C4<0>, C4<0>;
L_0x55e5c18352a0 .functor XOR 1, L_0x55e5c1834980, L_0x55e5c1835200, C4<0>, C4<0>;
L_0x55e5c1835110 .functor XOR 1, L_0x55e5c18352a0, L_0x55e5c1835400, C4<0>, C4<0>;
L_0x55e5c1835690 .functor XOR 1, L_0x55e5c1835110, L_0x55e5c18355f0, C4<0>, C4<0>;
L_0x55e5c1835960 .functor XOR 1, L_0x55e5c1835800, L_0x55e5c18354a0, C4<0>, C4<0>;
L_0x55e5c18358a0 .functor XOR 1, L_0x55e5c1835960, L_0x55e5c1835a20, C4<0>, C4<0>;
L_0x55e5c1835cf0 .functor XOR 1, L_0x55e5c18358a0, L_0x55e5c1835c50, C4<0>, C4<0>;
L_0x55e5c1835ac0 .functor XOR 1, L_0x55e5c1835cf0, L_0x55e5c1835db0, C4<0>, C4<0>;
v0x55e5c1830b70_0 .net *"_ivl_101", 0 0, L_0x55e5c1835db0;  1 drivers
v0x55e5c1830c70_0 .net *"_ivl_102", 0 0, L_0x55e5c1835ac0;  1 drivers
v0x55e5c1830d50_0 .net *"_ivl_108", 11 0, L_0x55e5c18364e0;  1 drivers
v0x55e5c1830e10_0 .net *"_ivl_11", 0 0, L_0x55e5c1833b90;  1 drivers
v0x55e5c1830ef0_0 .net *"_ivl_110", 0 0, L_0x55e5c1835e50;  1 drivers
v0x55e5c1831000_0 .net *"_ivl_15", 0 0, L_0x55e5c1833c60;  1 drivers
v0x55e5c18310e0_0 .net *"_ivl_19", 0 0, L_0x55e5c1833d60;  1 drivers
v0x55e5c18311c0_0 .net *"_ivl_21", 0 0, L_0x55e5c1833e30;  1 drivers
v0x55e5c18312a0_0 .net *"_ivl_22", 0 0, L_0x55e5c1833f40;  1 drivers
v0x55e5c1831380_0 .net *"_ivl_25", 0 0, L_0x55e5c1834000;  1 drivers
v0x55e5c1831460_0 .net *"_ivl_26", 0 0, L_0x55e5c18340a0;  1 drivers
v0x55e5c1831540_0 .net *"_ivl_29", 0 0, L_0x55e5c18341b0;  1 drivers
v0x55e5c1831620_0 .net *"_ivl_3", 0 0, L_0x55e5c18339d0;  1 drivers
v0x55e5c1831700_0 .net *"_ivl_30", 0 0, L_0x55e5c18342a0;  1 drivers
v0x55e5c18317e0_0 .net *"_ivl_35", 0 0, L_0x55e5c18343b0;  1 drivers
v0x55e5c18318c0_0 .net *"_ivl_39", 0 0, L_0x55e5c1834450;  1 drivers
v0x55e5c18319a0_0 .net *"_ivl_43", 0 0, L_0x55e5c1834550;  1 drivers
v0x55e5c1831a80_0 .net *"_ivl_47", 0 0, L_0x55e5c18345f0;  1 drivers
v0x55e5c1831b60_0 .net *"_ivl_49", 0 0, L_0x55e5c1834700;  1 drivers
v0x55e5c1831c40_0 .net *"_ivl_50", 0 0, L_0x55e5c18347a0;  1 drivers
v0x55e5c1831d20_0 .net *"_ivl_53", 0 0, L_0x55e5c18348e0;  1 drivers
v0x55e5c1831e00_0 .net *"_ivl_54", 0 0, L_0x55e5c1834690;  1 drivers
v0x55e5c1831ee0_0 .net *"_ivl_57", 0 0, L_0x55e5c1834aa0;  1 drivers
v0x55e5c1831fc0_0 .net *"_ivl_58", 0 0, L_0x55e5c1834d50;  1 drivers
v0x55e5c18320a0_0 .net *"_ivl_63", 0 0, L_0x55e5c1834ea0;  1 drivers
v0x55e5c1832180_0 .net *"_ivl_67", 0 0, L_0x55e5c1834fd0;  1 drivers
v0x55e5c1832260_0 .net *"_ivl_69", 0 0, L_0x55e5c1835070;  1 drivers
v0x55e5c1832340_0 .net *"_ivl_7", 0 0, L_0x55e5c1833af0;  1 drivers
v0x55e5c1832420_0 .net *"_ivl_70", 0 0, L_0x55e5c1834980;  1 drivers
v0x55e5c1832500_0 .net *"_ivl_73", 0 0, L_0x55e5c1835200;  1 drivers
v0x55e5c18325e0_0 .net *"_ivl_74", 0 0, L_0x55e5c18352a0;  1 drivers
v0x55e5c18326c0_0 .net *"_ivl_77", 0 0, L_0x55e5c1835400;  1 drivers
v0x55e5c18327a0_0 .net *"_ivl_78", 0 0, L_0x55e5c1835110;  1 drivers
v0x55e5c1832a90_0 .net *"_ivl_81", 0 0, L_0x55e5c18355f0;  1 drivers
v0x55e5c1832b70_0 .net *"_ivl_82", 0 0, L_0x55e5c1835690;  1 drivers
v0x55e5c1832c50_0 .net *"_ivl_87", 0 0, L_0x55e5c1835800;  1 drivers
v0x55e5c1832d30_0 .net *"_ivl_89", 0 0, L_0x55e5c18354a0;  1 drivers
v0x55e5c1832e10_0 .net *"_ivl_90", 0 0, L_0x55e5c1835960;  1 drivers
v0x55e5c1832ef0_0 .net *"_ivl_93", 0 0, L_0x55e5c1835a20;  1 drivers
v0x55e5c1832fd0_0 .net *"_ivl_94", 0 0, L_0x55e5c18358a0;  1 drivers
v0x55e5c18330b0_0 .net *"_ivl_97", 0 0, L_0x55e5c1835c50;  1 drivers
v0x55e5c1833190_0 .net *"_ivl_98", 0 0, L_0x55e5c1835cf0;  1 drivers
v0x55e5c1833270_0 .net "data", 7 0, v0x55e5c1833620_0;  1 drivers
v0x55e5c1833350_0 .net "encoded", 12 0, L_0x55e5c1836000;  alias, 1 drivers
L_0x55e5c18339d0 .part v0x55e5c1833620_0, 7, 1;
L_0x55e5c1833af0 .part v0x55e5c1833620_0, 6, 1;
L_0x55e5c1833b90 .part v0x55e5c1833620_0, 5, 1;
L_0x55e5c1833c60 .part v0x55e5c1833620_0, 4, 1;
L_0x55e5c1833d60 .part v0x55e5c1833620_0, 4, 1;
L_0x55e5c1833e30 .part v0x55e5c1833620_0, 5, 1;
L_0x55e5c1834000 .part v0x55e5c1833620_0, 6, 1;
L_0x55e5c18341b0 .part v0x55e5c1833620_0, 7, 1;
L_0x55e5c18343b0 .part v0x55e5c1833620_0, 3, 1;
L_0x55e5c1834450 .part v0x55e5c1833620_0, 2, 1;
L_0x55e5c1834550 .part v0x55e5c1833620_0, 1, 1;
L_0x55e5c18345f0 .part v0x55e5c1833620_0, 1, 1;
L_0x55e5c1834700 .part v0x55e5c1833620_0, 2, 1;
L_0x55e5c18348e0 .part v0x55e5c1833620_0, 3, 1;
L_0x55e5c1834aa0 .part v0x55e5c1833620_0, 7, 1;
L_0x55e5c1834ea0 .part v0x55e5c1833620_0, 0, 1;
L_0x55e5c1834fd0 .part v0x55e5c1833620_0, 0, 1;
L_0x55e5c1835070 .part v0x55e5c1833620_0, 2, 1;
L_0x55e5c1835200 .part v0x55e5c1833620_0, 3, 1;
L_0x55e5c1835400 .part v0x55e5c1833620_0, 5, 1;
L_0x55e5c18355f0 .part v0x55e5c1833620_0, 6, 1;
L_0x55e5c1835800 .part v0x55e5c1833620_0, 0, 1;
L_0x55e5c18354a0 .part v0x55e5c1833620_0, 1, 1;
L_0x55e5c1835a20 .part v0x55e5c1833620_0, 3, 1;
L_0x55e5c1835c50 .part v0x55e5c1833620_0, 4, 1;
L_0x55e5c1835db0 .part v0x55e5c1833620_0, 6, 1;
LS_0x55e5c1836000_0_0 .concat8 [ 1 1 1 1], L_0x55e5c1835e50, L_0x55e5c1835ac0, L_0x55e5c1835690, L_0x55e5c1834ea0;
LS_0x55e5c1836000_0_4 .concat8 [ 1 1 1 1], L_0x55e5c1834d50, L_0x55e5c1834550, L_0x55e5c1834450, L_0x55e5c18343b0;
LS_0x55e5c1836000_0_8 .concat8 [ 1 1 1 1], L_0x55e5c18342a0, L_0x55e5c1833c60, L_0x55e5c1833b90, L_0x55e5c1833af0;
LS_0x55e5c1836000_0_12 .concat8 [ 1 0 0 0], L_0x55e5c18339d0;
L_0x55e5c1836000 .concat8 [ 4 4 4 1], LS_0x55e5c1836000_0_0, LS_0x55e5c1836000_0_4, LS_0x55e5c1836000_0_8, LS_0x55e5c1836000_0_12;
L_0x55e5c18364e0 .part L_0x55e5c1836000, 1, 12;
L_0x55e5c1835e50 .reduce/xor L_0x55e5c18364e0;
    .scope S_0x55e5c17ed400;
T_0 ;
    %wait E_0x55e5c17e8770;
    %load/vec4 v0x55e5c1830880_0;
    %cmpi/e 0, 0, 5;
    %jmp/0xz  T_0.0, 4;
    %pushi/vec4 0, 0, 1;
    %store/vec4 v0x55e5c18307c0_0, 0, 1;
    %load/vec4 v0x55e5c1830600_0;
    %store/vec4 v0x55e5c18306e0_0, 0, 8;
    %jmp T_0.1;
T_0.0 ;
    %load/vec4 v0x55e5c1830880_0;
    %parti/s 4, 1, 2;
    %pad/u 32;
    %cmpi/u 13, 0, 32;
    %flag_get/vec4 5;
    %jmp/0 T_0.4, 5;
    %load/vec4 v0x55e5c1830880_0;
    %parti/s 1, 0, 2;
    %pad/u 32;
    %pushi/vec4 1, 0, 32;
    %cmp/e;
    %flag_get/vec4 4;
    %and;
T_0.4;
    %flag_set/vec4 8;
    %jmp/0xz  T_0.2, 8;
    %load/vec4 v0x55e5c1830440_0;
    %pushi/vec4 1, 0, 13;
    %load/vec4 v0x55e5c1830880_0;
    %parti/s 4, 1, 2;
    %ix/vec4 4;
    %shiftl 4;
    %xor;
    %store/vec4 v0x55e5c1830520_0, 0, 13;
    %pushi/vec4 0, 0, 1;
    %store/vec4 v0x55e5c18307c0_0, 0, 1;
    %load/vec4 v0x55e5c1830520_0;
    %parti/s 1, 12, 5;
    %load/vec4 v0x55e5c1830520_0;
    %parti/s 1, 11, 5;
    %concat/vec4; draw_concat_vec4
    %load/vec4 v0x55e5c1830520_0;
    %parti/s 1, 10, 5;
    %concat/vec4; draw_concat_vec4
    %load/vec4 v0x55e5c1830520_0;
    %parti/s 1, 9, 5;
    %concat/vec4; draw_concat_vec4
    %load/vec4 v0x55e5c1830520_0;
    %parti/s 1, 7, 4;
    %concat/vec4; draw_concat_vec4
    %load/vec4 v0x55e5c1830520_0;
    %parti/s 1, 6, 4;
    %concat/vec4; draw_concat_vec4
    %load/vec4 v0x55e5c1830520_0;
    %parti/s 1, 5, 4;
    %concat/vec4; draw_concat_vec4
    %load/vec4 v0x55e5c1830520_0;
    %parti/s 1, 3, 3;
    %concat/vec4; draw_concat_vec4
    %store/vec4 v0x55e5c18306e0_0, 0, 8;
    %jmp T_0.3;
T_0.2 ;
    %pushi/vec4 1, 0, 1;
    %store/vec4 v0x55e5c18307c0_0, 0, 1;
    %pushi/vec4 0, 0, 8;
    %store/vec4 v0x55e5c18306e0_0, 0, 8;
T_0.3 ;
T_0.1 ;
    %jmp T_0;
    .thread T_0, $push;
    .scope S_0x55e5c17e80f0;
T_1 ;
    %pushi/vec4 3, 0, 8;
    %ix/load 4, 0, 0;
    %flag_set/imm 4, 0;
    %store/vec4a v0x55e5c1833930, 4, 0;
    %pushi/vec4 15, 0, 8;
    %ix/load 4, 1, 0;
    %flag_set/imm 4, 0;
    %store/vec4a v0x55e5c1833930, 4, 0;
    %pushi/vec4 170, 0, 8;
    %ix/load 4, 2, 0;
    %flag_set/imm 4, 0;
    %store/vec4a v0x55e5c1833930, 4, 0;
    %pushi/vec4 85, 0, 8;
    %ix/load 4, 3, 0;
    %flag_set/imm 4, 0;
    %store/vec4a v0x55e5c1833930, 4, 0;
    %pushi/vec4 195, 0, 8;
    %ix/load 4, 4, 0;
    %flag_set/imm 4, 0;
    %store/vec4a v0x55e5c1833930, 4, 0;
    %pushi/vec4 255, 0, 8;
    %ix/load 4, 5, 0;
    %flag_set/imm 4, 0;
    %store/vec4a v0x55e5c1833930, 4, 0;
    %vpi_call/w 3 33 "$display", "Testing Encoder with Multi-Bit Inputs" {0 0 0};
    %pushi/vec4 0, 0, 32;
    %store/vec4 v0x55e5c1833890_0, 0, 32;
T_1.0 ;
    %load/vec4 v0x55e5c1833890_0;
    %cmpi/s 6, 0, 32;
    %jmp/0xz T_1.1, 5;
    %ix/getv/s 4, v0x55e5c1833890_0;
    %load/vec4a v0x55e5c1833930, 4;
    %store/vec4 v0x55e5c1833620_0, 0, 8;
    %delay 10, 0;
    %vpi_call/w 3 39 "$display", "Encoder:" {0 0 0};
    %vpi_call/w 3 40 "$display", "\011Data: 8'b%b (0x%02h) -> Encoded: 13'b%b (0x%04h)", v0x55e5c1833620_0, v0x55e5c1833620_0, v0x55e5c1833720_0, v0x55e5c1833720_0 {0 0 0};
    %load/vec4 v0x55e5c1833720_0;
    %store/vec4 v0x55e5c1833550_0, 0, 13;
    %vpi_call/w 3 44 "$display", "Communication channel (No error induced):" {0 0 0};
    %vpi_call/w 3 45 "$display", "\01113'b%b (0x%04h) --------------------------------- 13'b%b (0x%04h)", v0x55e5c1833720_0, v0x55e5c1833720_0, v0x55e5c1833550_0, v0x55e5c1833550_0 {0 0 0};
    %delay 10, 0;
    %vpi_call/w 3 48 "$display", "Decoder:" {0 0 0};
    %vpi_call/w 3 49 "$display", "\011Data: 8'b%b (0x%02h) -> Received word: 13'b%b, Error Detected but not corrected: %b", v0x55e5c1833490_0, v0x55e5c1833490_0, v0x55e5c1833550_0, v0x55e5c18337f0_0 {0 0 0};
    %delay 10, 0;
    %vpi_call/w 3 53 "$display", "Encoder:" {0 0 0};
    %vpi_call/w 3 54 "$display", "\011Data: 8'b%b (0x%02h) -> Encoded: 13'b%b (0x%04h)", v0x55e5c1833620_0, v0x55e5c1833620_0, v0x55e5c1833720_0, v0x55e5c1833720_0 {0 0 0};
    %load/vec4 v0x55e5c1833720_0;
    %store/vec4 v0x55e5c1833550_0, 0, 13;
    %load/vec4 v0x55e5c1833550_0;
    %parti/s 1, 3, 3;
    %inv;
    %ix/load 4, 3, 0;
    %flag_set/imm 4, 0;
    %store/vec4 v0x55e5c1833550_0, 4, 1;
    %vpi_call/w 3 59 "$display", "Communication channel (1 error induced):" {0 0 0};
    %vpi_call/w 3 60 "$display", "\01113'b%b (0x%04h) --------------------------------- 13'b%b (0x%04h)", v0x55e5c1833720_0, v0x55e5c1833720_0, v0x55e5c1833550_0, v0x55e5c1833550_0 {0 0 0};
    %delay 10, 0;
    %vpi_call/w 3 63 "$display", "Decoder:" {0 0 0};
    %vpi_call/w 3 64 "$display", "\011Data: 8'b%b (0x%02h) -> Received word: 13'b%b, Error Detected but not corrected: %b", v0x55e5c1833490_0, v0x55e5c1833490_0, v0x55e5c1833550_0, v0x55e5c18337f0_0 {0 0 0};
    %delay 10, 0;
    %vpi_call/w 3 68 "$display", "Encoder:" {0 0 0};
    %vpi_call/w 3 69 "$display", "\011Data: 8'b%b (0x%02h) -> Encoded: 13'b%b (0x%04h)", v0x55e5c1833620_0, v0x55e5c1833620_0, v0x55e5c1833720_0, v0x55e5c1833720_0 {0 0 0};
    %load/vec4 v0x55e5c1833720_0;
    %store/vec4 v0x55e5c1833550_0, 0, 13;
    %load/vec4 v0x55e5c1833550_0;
    %parti/s 1, 3, 3;
    %inv;
    %ix/load 4, 3, 0;
    %flag_set/imm 4, 0;
    %store/vec4 v0x55e5c1833550_0, 4, 1;
    %load/vec4 v0x55e5c1833550_0;
    %parti/s 1, 11, 5;
    %inv;
    %ix/load 4, 11, 0;
    %flag_set/imm 4, 0;
    %store/vec4 v0x55e5c1833550_0, 4, 1;
    %vpi_call/w 3 75 "$display", "Communication channel (2 errors induced):" {0 0 0};
    %vpi_call/w 3 76 "$display", "\01113'b%b (0x%04h) --------------------------------- 13'b%b (0x%04h)", v0x55e5c1833720_0, v0x55e5c1833720_0, v0x55e5c1833550_0, v0x55e5c1833550_0 {0 0 0};
    %delay 10, 0;
    %vpi_call/w 3 79 "$display", "Decoder:" {0 0 0};
    %vpi_call/w 3 80 "$display", "\011Data: 8'b%b (0x%02h) -> Received word: 13'b%b, Error Detected but not corrected: %b", v0x55e5c1833490_0, v0x55e5c1833490_0, v0x55e5c1833550_0, v0x55e5c18337f0_0 {0 0 0};
    %delay 10, 0;
    %vpi_call/w 3 82 "$display", "\012\012" {0 0 0};
    %load/vec4 v0x55e5c1833890_0;
    %addi 1, 0, 32;
    %store/vec4 v0x55e5c1833890_0, 0, 32;
    %jmp T_1.0;
T_1.1 ;
    %vpi_call/w 3 85 "$finish" {0 0 0};
    %end;
    .thread T_1;
# The file index is used to find the file name in the following table.
:file_names 6;
    "N/A";
    "<interactive>";
    "-";
    "../tb/error_sim.sv";
    "../src/decoder_13to8.sv";
    "../src/encoder_8to13.sv";
